exports[`test renders correctly without any props 1`] = `
<div
  className="gZhfdt"
  onClick={undefined}>
  <div
    className="gxzOve" />
  <div
    className="fRItGO">
    <div
      className="cVrTOJ">
      <div
        className="bDZGqW" />
      <div
        className="cGprWl" />
    </div>
    <div
      className="gTnksx">
      Game of Thrones
    </div>
    <div
      className="gCMJK" />
  </div>
</div>
`;
