exports[`test renders correctly without any props 1`] = `
<div
  className="dKSjjh"
  onClick={undefined}>
  <div
    className="gxzOve" />
  <div
    className="dKiJMg">
    <div
      className="horuOo">
      <div
        className="bFRrep">
        S01E01
      </div>
      <div
        className="llvQWI">
        Today
      </div>
    </div>
    <div
      className="hbRFvW">
      Game of Thrones
    </div>
    <div
      className="gXeSMS">
      Name
    </div>
  </div>
</div>
`;
